sampling parenthetical pairs...
parenthetical pool: 6300772
parenthetical queries: 150
sampling citing-context pairs...
context pool: 400000
total queries: 200

sampling parenthetical pairs...
parenthetical pool: 6300772
parenthetical queries: 150
sampling citing-context pairs...
context pool: 400000
total queries: 200

  25/200
  50/200
  75/200
  100/200
  125/200
  150/200
  175/200
  200/200

mechanical p@10 overall: 0.325
  parenthetical: 0.4267
  citing_context: 0.02
verdict: REASONABLE — mechanical p@10 in the same band as the hand-built set
-> /home/Houssem/Desktop/projects/Better Call Alex/Better Call Alex/logs/audit-independent/probe03-retrieval-truth.json
