=== 07:06:41 START clusters-dockets ===
[dockets] 1,906,368 rows (63,541/s)
[dockets] 3,767,935 rows (62,796/s)
[dockets] 5,673,591 rows (63,038/s)
[dockets] 7,562,057 rows (63,016/s)
[dockets] 9,521,571 rows (63,476/s)
[dockets] 11,239,908 rows (62,443/s)
[dockets] 12,801,153 rows (60,957/s)
[dockets] 13,855,195 rows (57,729/s)
[dockets] 15,105,602 rows (55,946/s)
[dockets] 16,463,121 rows (54,876/s)
[dockets] 17,428,135 rows (52,812/s)
[dockets] 18,500,001 rows (51,315/s)
[dockets] 19,489,651 rows (49,907/s)
[dockets] 20,745,863 rows (49,334/s)
[dockets] 21,778,985 rows (48,342/s)
[dockets] 22,827,638 rows (47,506/s)
[dockets] 23,880,189 rows (46,776/s)
[dockets] 25,133,563 rows (46,499/s)
[dockets] 26,356,228 rows (46,197/s)
[dockets] 27,537,618 rows (45,856/s)
[dockets] 28,877,140 rows (45,798/s)
[dockets] 29,723,610 rows (45,000/s)
[dockets] 30,564,701 rows (44,263/s)
[dockets] 31,456,902 rows (43,658/s)
[dockets] 32,357,648 rows (43,113/s)
[dockets] 33,438,688 rows (42,841/s)
[dockets] 34,500,001 rows (42,468/s)
[dockets] 35,698,037 rows (42,378/s)
[dockets] 36,655,146 rows (42,017/s)
[dockets] 37,507,733 rows (41,565/s)
[dockets] 38,473,322 rows (41,264/s)
[dockets] 39,353,412 rows (40,892/s)
[dockets] 40,352,717 rows (40,663/s)
[dockets] 41,232,086 rows (40,329/s)
[dockets] 42,000,001 rows (39,876/s)
[dockets] 43,325,087 rows (39,995/s)
[dockets] 44,931,570 rows (40,360/s)
[dockets] 46,860,153 rows (40,988/s)
[dockets] 48,585,318 rows (41,410/s)
[dockets] 51,000,001 rows (42,378/s)
[dockets] 53,000,001 rows (42,959/s)
[dockets] 54,954,760 rows (43,486/s)
[dockets] 56,731,495 rows (43,851/s)
[dockets] 58,500,001 rows (44,165/s)
[dockets] 59,909,280 rows (44,227/s)
[dockets] 61,321,024 rows (44,289/s)
[dockets] 62,707,586 rows (44,330/s)
[dockets] 64,276,088 rows (44,495/s)
[dockets] 65,389,215 rows (44,344/s)
[dockets] 66,715,038 rows (44,341/s)
[dockets] 68,096,454 rows (44,375/s)
[dockets] 69,733,577 rows (44,570/s)
[dockets] 71,536,300 rows (44,862/s)
[dockets] loaded 71,677,647 (71,677,647 with court_id)
=== 07:33:23 START clusters-join ===
[clusters] 2,103,245 rows (70,108/s)
[clusters] 3,858,384 rows (64,306/s)
[clusters] 5,579,691 rows (61,997/s)
[clusters] 7,500,001 rows (62,053/s)
[clusters] 9,500,001 rows (62,852/s)
[clusters] joining docket->court on disk...
[clusters] JOIN COVERAGE docket->court: 10,070,727/10,070,727 = 100.00% (12s)
=== 07:36:15 START small ===
[courts] 3361
[judges] 16191
[citations] 8,000,001 rows (266,453/s)
[citations] 15,743,340 rows (262,284/s)
[citation_strings] 18,123,788
=== 07:37:26 START citormap ===
[citormap] 11,800,015 rows (393,334/s)
[citormap] 22,876,683 rows (381,235/s)
[citormap] 34,676,635 rows (385,267/s)
[citormap] 46,386,742 rows (386,534/s)
[citormap] 57,082,004 rows (380,530/s)
[citormap] 67,499,665 rows (374,968/s)
[citormap] 77,460,014 edges
=== 07:40:53 START parentheticals ===
[parentheticals] 1,876,977 rows (62,566/s)
[parentheticals] 3,627,007 rows (60,450/s)
[parentheticals] 5,749,509 rows (63,883/s)
[parentheticals] 6,408,887
=== 07:43:18 ALL PREP DONE ===
