=== rebuild start 2026-09-03T18:41:16Z ===
[dockets] 1,500,001 rows (49,372/s)
[dockets] 2,999,733 rows (49,679/s)
[dockets] 4,183,212 rows (46,284/s)
=== rebuild start 2026-09-03T18:47:27Z ===
[dockets] 954,015 rows (31,800/s)
[dockets] 1,867,216 rows (31,120/s)
[dockets] 2,859,615 rows (31,773/s)
[dockets] 3,779,777 rows (31,498/s)
[dockets] 4,646,722 rows (30,978/s)
[dockets] 5,598,115 rows (31,100/s)
[dockets] 6,687,621 rows (31,846/s)
[dockets] 7,804,304 rows (32,518/s)
[dockets] 8,913,933 rows (33,014/s)
[dockets] 10,086,009 rows (33,620/s)
[dockets] 11,195,940 rows (33,927/s)
[dockets] 12,379,686 rows (34,388/s)
[dockets] 13,483,191 rows (34,572/s)
[dockets] 14,593,519 rows (34,746/s)
[dockets] 15,731,678 rows (34,959/s)
[dockets] 16,832,940 rows (35,068/s)
[dockets] 17,998,492 rows (35,291/s)
[dockets] 19,057,629 rows (35,291/s)
[dockets] 20,145,774 rows (35,343/s)
[dockets] 21,248,179 rows (35,413/s)
[dockets] 22,347,652 rows (35,472/s)
[dockets] 23,432,993 rows (35,504/s)
[dockets] 24,541,806 rows (35,567/s)
[dockets] 25,652,955 rows (35,629/s)
[dockets] 26,704,516 rows (35,605/s)
[dockets] 27,885,950 rows (35,751/s)
[dockets] 28,909,385 rows (35,690/s)
[dockets] 29,500,001 rows (34,934/s)
[dockets] 30,112,214 rows (34,436/s)
[dockets] 30,975,164 rows (34,248/s)
[dockets] 31,571,385 rows (33,786/s)
[dockets] 32,434,943 rows (33,630/s)
[dockets] 33,000,001 rows (32,907/s)
[dockets] 33,643,572 rows (32,574/s)
[dockets] 34,033,188 rows (32,021/s)
[dockets] 34,500,001 rows (31,355/s)
[dockets] 35,268,668 rows (31,203/s)
[dockets] 36,000,341 rows (31,027/s)
[dockets] 36,757,048 rows (30,880/s)
[dockets] 37,500,001 rows (30,639/s)
[dockets] 38,500,001 rows (30,641/s)
[dockets] 39,500,001 rows (30,412/s)
[dockets] 40,810,015 rows (30,711/s)
[dockets] 41,500,001 rows (30,332/s)
[dockets] 42,831,253 rows (30,633/s)
[dockets] 44,091,829 rows (30,872/s)
[dockets] 45,500,001 rows (31,203/s)
[dockets] 47,159,979 rows (31,689/s)
[dockets] 48,715,188 rows (32,087/s)
[dockets] 51,379,415 rows (33,186/s)
[dockets] 53,533,594 rows (33,920/s)
[dockets] 55,816,799 rows (34,707/s)
[dockets] 57,960,924 rows (35,380/s)
[dockets] 60,086,919 rows (36,018/s)
[dockets] 62,317,913 rows (36,696/s)
[dockets] 64,166,980 rows (37,129/s)
[dockets] 65,961,785 rows (37,516/s)
[dockets] 67,722,380 rows (37,871/s)
[dockets] 69,535,755 rows (38,244/s)
[dockets] loaded 71,677,647 (71,677,647 with court_id, 0 width-rejected)
[clusters] 2,000,001 rows (65,431/s)
[clusters] 3,681,397 rows (60,783/s)
[clusters] 5,500,001 rows (60,325/s)
[clusters] 7,491,191 rows (61,822/s)
[clusters] 9,500,001 rows (61,314/s)
[clusters] joining docket->court on disk...
[clusters] JOIN COVERAGE docket->court: 10,070,727/10,070,727 = 100.00% (20s)
[courts] 3361 (0 width-rejected)
[judges] 16191 (0 width-rejected)
[citations] 7,554,613 rows (251,820/s)
[citations] 14,896,840 rows (248,281/s)
[citation_strings] 18,123,788 (0 width-rejected)
[citormap] 12,405,297 rows (413,510/s)
[citormap] 24,782,265 rows (413,038/s)
[citormap] 36,000,001 rows (396,129/s)
[citormap] 46,803,175 rows (387,188/s)
[citormap] 58,493,810 rows (387,685/s)
[citormap] 70,000,001 rows (386,792/s)
[citormap] 77,460,014 edges (0 width-rejected)
[parentheticals] 2,802,099 rows (93,403/s)
[parentheticals] 5,079,028 rows (84,650/s)
[parentheticals] 6,408,887 (0 width-rejected, 0 bad-score)
=== pre-shard stages done 2026-09-03T19:27:48Z ===
[shard 1] 24,962 rows (832/s)
[shard 2] 22,420 rows (747/s)
[shard 3] 16,583 rows (553/s)
[shard 0] 14,534 rows (484/s)
[shard 2] 40,394 rows (673/s)
[shard 3] 29,571 rows (493/s)
[shard 0] 28,121 rows (468/s)
[shard 1] 48,001 rows (799/s)
[shard 2] 50,482 rows (561/s)
[shard 0] 37,979 rows (422/s)
[shard 1] 62,686 rows (696/s)
[shard 3] 38,001 rows (419/s)
[shard 2] 64,001 rows (533/s)
[shard 1] 84,138 rows (701/s)
[shard 3] 47,724 rows (395/s)
[shard 0] 46,001 rows (380/s)
[shard 2] 75,903 rows (506/s)
[shard 1] 104,616 rows (697/s)
[shard 3] 58,288 rows (387/s)
[shard 0] 62,231 rows (412/s)
[shard 2] 85,092 rows (472/s)
[shard 1] 126,831 rows (704/s)
[shard 3] 68,465 rows (379/s)
[shard 0] 77,614 rows (429/s)
[shard 2] 97,503 rows (464/s)
[shard 1] 146,865 rows (699/s)
[shard 3] 81,067 rows (385/s)
[shard 0] 94,910 rows (450/s)
[shard 1] 167,674 rows (698/s)
[shard 2] 110,001 rows (458/s)
[shard 3] 93,712 rows (389/s)
[shard 0] 111,655 rows (463/s)
[shard 1] 188,091 rows (696/s)
[shard 2] 122,925 rows (455/s)
[shard 0] 128,243 rows (473/s)
[shard 3] 106,001 rows (391/s)
[shard 2] 138,390 rows (461/s)
[shard 1] 208,001 rows (692/s)
[shard 0] 150,509 rows (500/s)
[shard 3] 118,619 rows (394/s)
[shard 2] 154,742 rows (468/s)
[shard 1] 227,298 rows (688/s)
[shard 0] 173,272 rows (524/s)
[shard 3] 131,748 rows (398/s)
[shard 2] 171,696 rows (476/s)
[shard 0] 195,322 rows (541/s)
[shard 1] 248,001 rows (687/s)
[shard 3] 142,834 rows (396/s)
[shard 2] 184,827 rows (473/s)
[shard 0] 223,221 rows (571/s)
[shard 1] 264,436 rows (676/s)
[shard 3] 152,820 rows (391/s)
[shard 2] 199,984 rows (476/s)
[shard 0] 242,320 rows (576/s)
[shard 1] 283,391 rows (673/s)
[shard 3] 162,172 rows (385/s)
[shard 2] 219,128 rows (487/s)
[shard 1] 303,956 rows (674/s)
[shard 0] 262,001 rows (581/s)
[shard 3] 174,001 rows (385/s)
[shard 2] 237,306 rows (494/s)
[shard 1] 324,450 rows (675/s)
[shard 0] 289,087 rows (601/s)
[shard 3] 186,073 rows (386/s)
[shard 2] 257,430 rows (504/s)
[shard 0] 314,239 rows (615/s)
[shard 3] 198,676 rows (388/s)
[shard 1] 342,001 rows (668/s)
[shard 2] 273,809 rows (507/s)
[shard 0] 337,822 rows (624/s)
[shard 3] 210,001 rows (387/s)
[shard 1] 360,001 rows (662/s)
[shard 2] 283,437 rows (497/s)
[shard 0] 364,001 rows (636/s)
[shard 3] 221,290 rows (386/s)
[shard 1] 383,524 rows (668/s)
[shard 0] 385,464 rows (640/s)
[shard 2] 292,001 rows (485/s)
[shard 3] 230,705 rows (383/s)
[shard 1] 409,322 rows (678/s)
[shard 0] 409,735 rows (648/s)
[shard 2] 301,596 rows (477/s)
[shard 3] 242,001 rows (382/s)
[shard 1] 429,182 rows (677/s)
[shard 0] 430,005 rows (649/s)
[shard 3] 252,592 rows (381/s)
[shard 1] 448,489 rows (676/s)
[shard 2] 310,001 rows (467/s)
[shard 0] 450,727 rows (651/s)
[shard 3] 262,857 rows (379/s)
[shard 1] 469,712 rows (677/s)
[shard 2] 318,582 rows (459/s)
[shard 0] 470,377 rows (651/s)
[shard 3] 272,464 rows (377/s)
[shard 1] 492,548 rows (680/s)
[shard 2] 328,001 rows (453/s)
[shard 0] 491,403 rows (653/s)
[shard 3] 281,483 rows (374/s)
[shard 1] 511,772 rows (679/s)
[shard 2] 337,079 rows (447/s)
[shard 0] 517,513 rows (662/s)
[shard 3] 290,244 rows (371/s)
[shard 1] 538,001 rows (686/s)
[shard 2] 349,074 rows (445/s)
[shard 0] 539,875 rows (665/s)
[shard 3] 299,369 rows (368/s)
[shard 1] 557,805 rows (685/s)
[shard 2] 362,837 rows (445/s)
[shard 0] 555,969 rows (660/s)
[shard 3] 306,245 rows (363/s)
[shard 1] 572,382 rows (678/s)
[shard 2] 372,948 rows (441/s)
[shard 0] 578,853 rows (664/s)
[shard 3] 314,387 rows (360/s)
[shard 1] 588,061 rows (672/s)
[shard 2] 386,721 rows (442/s)
[shard 0] 601,912 rows (667/s)
[shard 3] 323,423 rows (358/s)
[shard 1] 606,465 rows (670/s)
[shard 2] 401,752 rows (444/s)
[shard 0] 623,398 rows (669/s)
[shard 3] 330,648 rows (354/s)
[shard 1] 624,001 rows (668/s)
[shard 2] 414,523 rows (443/s)
[shard 0] 644,001 rows (669/s)
[shard 3] 339,069 rows (352/s)
[shard 1] 644,152 rows (668/s)
[shard 2] 430,351 rows (446/s)
[shard 0] 668,001 rows (673/s)
[shard 3] 348,001 rows (350/s)
[shard 1] 667,723 rows (671/s)
[shard 2] 443,535 rows (446/s)
[shard 0] 690,466 rows (675/s)
[shard 3] 355,432 rows (347/s)
[shard 1] 690,815 rows (674/s)
[shard 2] 454,720 rows (444/s)
[shard 0] 706,298 rows (671/s)
[shard 3] 362,275 rows (344/s)
[shard 1] 712,818 rows (676/s)
[shard 2] 463,617 rows (440/s)
[shard 0] 726,001 rows (670/s)
[shard 3] 368,395 rows (340/s)
[shard 1] 725,061 rows (668/s)
[shard 2] 472,906 rows (436/s)
[shard 0] 752,001 rows (675/s)
[shard 1] 739,058 rows (663/s)
[shard 3] 376,001 rows (337/s)
[shard 2] 484,001 rows (434/s)
[shard 0] 780,150 rows (682/s)
[shard 1] 756,177 rows (661/s)
[shard 2] 494,505 rows (432/s)
[shard 3] 384,001 rows (335/s)
[shard 0] 803,444 rows (684/s)
[shard 1] 768,056 rows (654/s)
[shard 2] 502,001 rows (427/s)
[shard 3] 390,001 rows (331/s)
[shard 0] 828,879 rows (688/s)
[shard 1] 781,806 rows (649/s)
[shard 2] 511,540 rows (424/s)
[shard 3] 398,001 rows (329/s)
[shard 0] 848,401 rows (687/s)
[shard 1] 795,262 rows (644/s)
[shard 2] 519,046 rows (420/s)
[shard 3] 405,466 rows (327/s)
[shard 0] 868,374 rows (687/s)
[shard 1] 807,512 rows (638/s)
[shard 2] 527,278 rows (416/s)
[shard 3] 411,619 rows (324/s)
[shard 0] 894,001 rows (691/s)
[shard 1] 821,560 rows (635/s)
[shard 2] 536,897 rows (414/s)
[shard 3] 419,642 rows (323/s)
[shard 0] 909,681 rows (687/s)
[shard 1] 832,962 rows (629/s)
[shard 3] 426,466 rows (321/s)
[shard 2] 546,001 rows (411/s)
[shard 0] 921,820 rows (680/s)
[shard 1] 845,594 rows (624/s)
[shard 3] 434,186 rows (319/s)
[shard 2] 554,432 rows (408/s)
[shard 0] 936,629 rows (676/s)
[shard 1] 858,001 rows (620/s)
[shard 3] 441,515 rows (318/s)
[shard 2] 563,780 rows (406/s)
[shard 0] 948,660 rows (671/s)
[shard 1] 872,088 rows (616/s)
[shard 3] 447,278 rows (315/s)
[shard 2] 572,001 rows (402/s)
[shard 0] 962,024 rows (666/s)
[shard 1] 888,001 rows (614/s)
[shard 3] 454,001 rows (313/s)
[shard 2] 581,700 rows (401/s)
[shard 0] 973,339 rows (660/s)
[shard 1] 902,992 rows (612/s)
[shard 3] 460,454 rows (311/s)
[shard 2] 590,001 rows (398/s)
[shard 0] 984,817 rows (654/s)
[shard 1] 916,738 rows (609/s)
[shard 3] 467,516 rows (309/s)
[shard 2] 598,049 rows (395/s)
[shard 0] 996,884 rows (650/s)
[shard 1] 932,001 rows (607/s)
[shard 3] 471,730 rows (306/s)
[shard 2] 606,678 rows (393/s)
[shard 1] DONE 941,913 opinions, 6,259,445 anchored cites (width_reject=0, text_fail=0) in 26.0 min
[shard 0] 1,006,732 rows (643/s)
[shard 3] 474,524 rows (302/s)
[shard 2] 613,157 rows (390/s)
[shard 4] 15,069 rows (502/s)
[shard 0] 1,021,644 rows (641/s)
[shard 3] 482,038 rows (301/s)
[shard 2] 622,001 rows (387/s)
[shard 4] 28,552 rows (475/s)
[shard 0] 1,036,001 rows (638/s)
[shard 3] 491,013 rows (301/s)
[shard 0] DONE 1,041,557 opinions, 8,420,891 anchored cites (width_reject=0, text_fail=0) in 27.2 min
[shard 2] 631,822 rows (386/s)
[shard 3] DONE 495,194 opinions, 13,479,501 anchored cites (width_reject=0, text_fail=0) in 27.4 min
[shard 4] 40,872 rows (453/s)
[shard 5] 12,825 rows (427/s)
[shard 2] 640,001 rows (383/s)
[shard 6] 18,001 rows (598/s)
[shard 4] 54,951 rows (457/s)
[shard 5] 28,694 rows (478/s)
[shard 2] 648,708 rows (382/s)
[shard 6] 34,677 rows (577/s)
[shard 4] 69,852 rows (465/s)
[shard 2] DONE 651,701 opinions, 10,104,156 anchored cites (width_reject=0, text_fail=0) in 28.5 min
[shard 5] 43,152 rows (479/s)
[shard 6] 53,415 rows (593/s)
[shard 4] 86,001 rows (476/s)
[shard 7] 19,342 rows (645/s)
[shard 5] 60,420 rows (503/s)
[shard 6] 72,001 rows (599/s)
[shard 4] 101,525 rows (482/s)
[shard 7] 38,018 rows (633/s)
[shard 5] 79,493 rows (530/s)
[shard 6] 91,489 rows (609/s)
[shard 4] 116,127 rows (483/s)
[shard 7] 55,602 rows (618/s)
[shard 5] 97,452 rows (541/s)
[shard 6] 108,210 rows (600/s)
[shard 4] 129,070 rows (477/s)
[shard 7] 79,132 rows (659/s)
[shard 5] 115,648 rows (551/s)
[shard 6] 128,001 rows (609/s)
[shard 4] 141,816 rows (472/s)
[shard 7] 98,731 rows (658/s)
[shard 5] 134,481 rows (560/s)
[shard 6] 148,001 rows (616/s)
[shard 4] 151,732 rows (459/s)
[shard 7] 123,732 rows (687/s)
[shard 5] 154,001 rows (570/s)
[shard 6] 165,130 rows (611/s)
[shard 4] 164,001 rows (454/s)
[shard 7] 146,001 rows (695/s)
[shard 5] 173,377 rows (578/s)
[shard 6] 182,348 rows (607/s)
[shard 4] 178,745 rows (457/s)
[shard 7] 171,878 rows (716/s)
[shard 5] 185,037 rows (561/s)
[shard 6] 199,294 rows (603/s)
[shard 4] 191,646 rows (455/s)
[shard 7] 194,001 rows (718/s)
[shard 5] 196,001 rows (544/s)
[shard 6] 214,711 rows (596/s)
[shard 4] 206,001 rows (456/s)
[shard 7] 216,050 rows (720/s)
[shard 5] 208,001 rows (531/s)
[shard 6] 229,815 rows (588/s)
[shard 4] 213,482 rows (443/s)
[shard 7] 234,001 rows (707/s)
[shard 5] 218,457 rows (518/s)
[shard 6] 244,001 rows (579/s)
[shard 4] 218,340 rows (427/s)
[shard 7] 258,001 rows (714/s)
[shard 5] 229,937 rows (509/s)
[shard 6] 262,001 rows (580/s)
[shard 7] 276,281 rows (706/s)
[shard 4] 224,001 rows (412/s)
[shard 5] 238,738 rows (496/s)
[shard 6] 278,001 rows (575/s)
[shard 7] 295,748 rows (702/s)
[shard 4] 230,001 rows (400/s)
[shard 5] 248,001 rows (484/s)
[shard 6] 294,001 rows (572/s)
[shard 7] 309,018 rows (685/s)
[shard 4] 236,192 rows (391/s)
[shard 5] 257,000 rows (474/s)
[shard 6] 311,558 rows (572/s)
[shard 7] 319,933 rows (665/s)
[shard 4] 242,068 rows (381/s)
[shard 5] 265,250 rows (464/s)
[shard 7] 330,272 rows (646/s)
[shard 6] 330,001 rows (574/s)
[shard 4] 248,001 rows (373/s)
[shard 5] 274,466 rows (456/s)
[shard 7] 342,001 rows (632/s)
[shard 6] 349,271 rows (577/s)
[shard 4] 263,415 rows (379/s)
[shard 5] 283,708 rows (449/s)
[shard 7] 353,444 rows (619/s)
[shard 6] 365,760 rows (576/s)
[shard 4] 276,172 rows (381/s)
[shard 5] 291,326 rows (440/s)
[shard 7] 362,800 rows (603/s)
[shard 6] 381,462 rows (574/s)
[shard 4] 286,901 rows (380/s)
[shard 5] 299,099 rows (432/s)
[shard 7] 370,398 rows (587/s)
[shard 6] 396,284 rows (570/s)
[shard 4] 296,110 rows (377/s)
[shard 5] 305,714 rows (423/s)
[shard 7] 380,001 rows (574/s)
[shard 6] 412,001 rows (567/s)
[shard 4] 308,001 rows (377/s)
[shard 5] 313,462 rows (417/s)
[shard 6] 426,001 rows (562/s)
[shard 4] 318,350 rows (376/s)
[shard 7] 390,001 rows (561/s)
[shard 5] 321,511 rows (411/s)
[shard 6] 440,111 rows (559/s)
[shard 4] 329,409 rows (376/s)
[shard 7] 400,001 rows (551/s)
[shard 5] 329,735 rows (406/s)
[shard 6] 455,405 rows (557/s)
[shard 4] 342,001 rows (377/s)
[shard 7] 410,001 rows (540/s)
[shard 5] 338,001 rows (401/s)
[shard 6] 470,074 rows (555/s)
[shard 4] 352,001 rows (375/s)
[shard 7] 420,001 rows (531/s)
[shard 5] 347,857 rows (398/s)
[shard 6] 489,507 rows (558/s)
[shard 4] 362,638 rows (374/s)
[shard 7] 430,746 rows (525/s)
[shard 5] 356,001 rows (392/s)
[shard 6] 503,316 rows (555/s)
[shard 4] 373,100 rows (373/s)
[shard 7] 440,215 rows (517/s)
[shard 5] 365,811 rows (390/s)
[shard 6] 515,176 rows (550/s)
[shard 4] 385,581 rows (375/s)
[shard 7] 450,831 rows (512/s)
[shard 5] 374,001 rows (386/s)
[shard 6] 531,522 rows (549/s)
[shard 4] 398,001 rows (376/s)
[shard 7] 462,001 rows (507/s)
[shard 5] 381,607 rows (382/s)
[shard 6] 546,734 rows (548/s)
[shard 4] 411,195 rows (377/s)
[shard 7] 472,001 rows (500/s)
[shard 5] 390,915 rows (380/s)
[shard 6] 560,522 rows (546/s)
[shard 4] 422,773 rows (378/s)
[shard 7] 482,001 rows (495/s)
[shard 5] 400,322 rows (378/s)
[shard 6] 573,296 rows (542/s)
[shard 4] 432,353 rows (376/s)
[shard 7] 490,867 rows (489/s)
[shard 5] 406,001 rows (372/s)
[shard 4] 440,123 rows (373/s)
[shard 6] 584,001 rows (535/s)
[shard 7] 495,764 rows (479/s)
[shard 5] 414,462 rows (370/s)
[shard 4] 452,001 rows (374/s)
[shard 6] 598,858 rows (534/s)
[shard 7] 505,044 rows (474/s)
[shard 5] 421,699 rows (366/s)
[shard 4] 460,296 rows (371/s)
[shard 6] 608,804 rows (529/s)
[shard 7] 512,253 rows (468/s)
[shard 5] 428,894 rows (363/s)
[shard 4] 471,429 rows (371/s)
[shard 6] 622,551 rows (527/s)
[shard 7] 521,081 rows (463/s)
[shard 5] 437,504 rows (361/s)
[shard 4] 482,510 rows (371/s)
[shard 6] 636,001 rows (525/s)
[shard 7] 529,439 rows (459/s)
[shard 5] 442,001 rows (356/s)
[shard 4] 490,103 rows (369/s)
[shard 6] 650,001 rows (523/s)
[shard 7] 537,986 rows (454/s)
[shard 5] 448,001 rows (351/s)
[shard 4] 498,001 rows (366/s)
[shard 6] 664,001 rows (522/s)
[shard 7] 546,962 rows (450/s)
[shard 5] 457,858 rows (351/s)
[shard 6] 675,802 rows (519/s)
[shard 4] 502,001 rows (360/s)
[shard 7] 554,787 rows (446/s)
[shard 5] 470,715 rows (353/s)
[shard 6] 688,497 rows (516/s)
[shard 4] 509,963 rows (358/s)
[shard 7] 564,001 rows (442/s)
[shard 5] 484,521 rows (355/s)
[shard 6] 700,335 rows (514/s)
[shard 4] 515,940 rows (355/s)
[shard 7] 572,001 rows (438/s)
[shard 5] 495,911 rows (356/s)
[shard 6] 713,843 rows (512/s)
[shard 4] 522,001 rows (352/s)
[shard 7] 580,001 rows (434/s)
[shard 5] 506,001 rows (355/s)
[shard 6] 724,839 rows (509/s)
[shard 4] 529,147 rows (350/s)
[shard 7] 588,389 rows (430/s)
[shard 5] 516,879 rows (355/s)
[shard 6] 741,088 rows (510/s)
[shard 4] 536,523 rows (348/s)
[shard 7] 596,629 rows (427/s)
[shard 5] 531,494 rows (358/s)
[shard 6] 755,639 rows (509/s)
[shard 4] 546,001 rows (347/s)
[shard 7] 605,075 rows (424/s)
[shard 5] 546,001 rows (360/s)
[shard 6] 771,470 rows (510/s)
[shard 4] 557,962 rows (348/s)
[shard 7] 614,001 rows (421/s)
[shard 5] 559,537 rows (362/s)
[shard 6] 787,250 rows (510/s)
[shard 4] 568,001 rows (347/s)
[shard 7] 620,935 rows (418/s)
[shard 6] DONE 794,720 opinions, 5,897,827 anchored cites (width_reject=0, text_fail=0) in 26.0 min
[shard 5] 573,816 rows (364/s)
[shard 4] 580,001 rows (348/s)
[shard 7] 630,869 rows (416/s)
[shard 8] 29,619 rows (987/s)
[shard 5] 586,326 rows (365/s)
[shard 7] 650,852 rows (421/s)
[shard 4] 590,001 rows (347/s)
[shard 8] 54,968 rows (916/s)
[shard 5] 594,001 rows (363/s)
[shard 7] 674,546 rows (428/s)
[shard 4] 600,737 rows (347/s)
[shard 8] 78,617 rows (873/s)
[shard 5] 606,084 rows (363/s)
[shard 7] 700,009 rows (436/s)
[shard 4] 610,593 rows (347/s)
[shard 8] 107,393 rows (895/s)
[shard 5] 620,374 rows (365/s)
[shard 7] 729,020 rows (445/s)
[shard 4] 620,001 rows (346/s)
[shard 8] 134,489 rows (896/s)
[shard 5] 634,001 rows (367/s)
[shard 7] 758,001 rows (455/s)
[shard 4] 630,001 rows (346/s)
[shard 8] 166,533 rows (925/s)
[shard 7] DONE 772,354 opinions, 9,700,718 anchored cites (width_reject=0, text_fail=0) in 28.0 min
[shard 5] 648,001 rows (368/s)
[shard 4] 638,412 rows (345/s)
[shard 8] 192,001 rows (912/s)
[shard 9] 15,559 rows (519/s)
[shard 5] 660,001 rows (368/s)
[shard 4] 646,001 rows (342/s)
[shard 8] 213,305 rows (887/s)
[shard 9] 30,369 rows (506/s)
[shard 5] 671,709 rows (368/s)
[shard 4] 652,583 rows (340/s)
[shard 8] 230,001 rows (850/s)
[shard 9] 44,001 rows (487/s)
[shard 5] 681,797 rows (368/s)
[shard 8] 260,001 rows (864/s)
[shard 4] 660,001 rows (339/s)
[shard 9] 62,001 rows (514/s)
[shard 5] 692,230 rows (368/s)
[shard 4] 667,475 rows (337/s)
[shard 8] 292,001 rows (881/s)
[shard 9] 81,483 rows (541/s)
[shard 5] 706,586 rows (369/s)
[shard 5] DONE 711,196 opinions, 8,979,694 anchored cites (width_reject=0, text_fail=0) in 32.0 min
[shard 4] 675,562 rows (336/s)
[shard 8] 318,158 rows (880/s)
[shard 9] 97,341 rows (539/s)
[shard 10] 12,209 rows (404/s)
[shard 4] 683,265 rows (335/s)
[shard 8] 346,836 rows (886/s)
[shard 9] 112,993 rows (536/s)
[shard 10] 26,001 rows (429/s)
[shard 4] 689,389 rows (333/s)
[shard 8] 367,375 rows (871/s)
[shard 9] 122,758 rows (510/s)
[shard 10] 38,693 rows (427/s)
[shard 4] DONE 695,463 opinions, 9,188,467 anchored cites (width_reject=0, text_fail=0) in 34.9 min
[shard 8] 384,295 rows (851/s)
[shard 9] 138,021 rows (510/s)
[shard 10] 50,155 rows (416/s)
[shard 11] 23,095 rows (770/s)
[shard 8] 409,917 rows (851/s)
[shard 9] 164,342 rows (547/s)
[shard 10] 63,340 rows (420/s)
[shard 11] 47,342 rows (789/s)
[shard 8] 434,001 rows (848/s)
[shard 9] 201,280 rows (609/s)
[shard 10] 74,270 rows (411/s)
[shard 11] 68,778 rows (764/s)
[shard 8] 456,822 rows (843/s)
[shard 9] 230,274 rows (639/s)
[shard 10] 88,030 rows (418/s)
[shard 11] 87,103 rows (726/s)
[shard 8] 483,578 rows (846/s)
[shard 9] 251,712 rows (644/s)
[shard 10] 101,911 rows (423/s)
[shard 11] 108,385 rows (723/s)
[shard 8] 502,001 rows (833/s)
[shard 9] 271,127 rows (644/s)
[shard 10] 115,684 rows (427/s)
[shard 11] 139,915 rows (777/s)
[shard 8] 530,498 rows (839/s)
[shard 9] 290,224 rows (644/s)
[shard 10] 130,306 rows (433/s)
[shard 11] 165,895 rows (790/s)
[shard 8] 552,824 rows (835/s)
[shard 9] 306,985 rows (639/s)
[shard 10] 145,646 rows (440/s)
[shard 11] 194,196 rows (809/s)
[shard 8] 573,434 rows (828/s)
[shard 9] 325,119 rows (637/s)
[shard 10] 161,723 rows (448/s)
[shard 11] 222,001 rows (822/s)
[shard 8] 614,819 rows (851/s)
[shard 9] 344,739 rows (638/s)
[shard 10] 174,589 rows (447/s)
[shard 11] 247,093 rows (823/s)
[shard 8] 640,923 rows (852/s)
[shard 9] 358,834 rows (629/s)
[shard 10] 186,261 rows (443/s)
[shard 11] 274,399 rows (831/s)
[shard 8] 672,220 rows (859/s)
[shard 9] 376,689 rows (627/s)
[shard 10] 196,887 rows (437/s)
[shard 11] 299,380 rows (831/s)
[shard 8] 694,824 rows (855/s)
[shard 9] 390,630 rows (619/s)
[shard 10] 209,009 rows (435/s)
[shard 11] 327,921 rows (840/s)
[shard 8] 720,327 rows (855/s)
[shard 9] 401,833 rows (608/s)
[shard 10] 223,761 rows (438/s)
[shard 11] 365,456 rows (870/s)
[shard 8] 744,001 rows (852/s)
[shard 9] 417,337 rows (604/s)
[shard 10] 235,172 rows (435/s)
[shard 11] 392,604 rows (872/s)
[shard 8] 766,001 rows (845/s)
[shard 9] 430,710 rows (597/s)
[shard 10] 245,460 rows (430/s)
[shard 11] 425,136 rows (885/s)
[shard 8] 787,446 rows (841/s)
[shard 9] 444,001 rows (591/s)
[shard 10] 256,649 rows (427/s)
[shard 11] 450,001 rows (882/s)
[shard 8] 812,815 rows (841/s)
[shard 9] 458,001 rows (586/s)
[shard 10] 270,470 rows (428/s)
[shard 11] 472,743 rows (875/s)
[shard 8] 829,557 rows (832/s)
[shard 9] 471,511 rows (581/s)
[shard 10] 284,934 rows (431/s)
[shard 11] 505,230 rows (886/s)
[shard 8] 850,739 rows (829/s)
[shard 9] 485,108 rows (576/s)
[shard 10] 299,786 rows (434/s)
[shard 11] 527,287 rows (878/s)
[shard 8] 869,425 rows (823/s)
[shard 9] 495,623 rows (568/s)
[shard 10] 315,903 rows (438/s)
[shard 11] 546,311 rows (867/s)
[shard 8] 888,564 rows (818/s)
[shard 9] 506,001 rows (560/s)
[shard 10] 336,500 rows (448/s)
[shard 11] 577,499 rows (875/s)
[shard 8] 915,245 rows (820/s)
[shard 9] 518,135 rows (555/s)
[shard 10] 358,001 rows (458/s)
[shard 11] 603,357 rows (874/s)
[shard 8] 935,089 rows (816/s)
[shard 9] 530,286 rows (551/s)
[shard 11] 633,399 rows (879/s)
[shard 10] 380,001 rows (467/s)
[shard 8] 951,483 rows (809/s)
[shard 9] 541,682 rows (545/s)
[shard 11] 653,852 rows (871/s)
[shard 10] 397,389 rows (471/s)
[shard 8] 970,652 rows (804/s)
[shard 9] 553,949 rows (541/s)
[shard 10] 409,144 rows (469/s)
[shard 11] 680,001 rows (866/s)
[shard 8] 983,637 rows (795/s)
[shard 9] 563,066 rows (535/s)
[shard 10] 424,001 rows (469/s)
[shard 11] 714,001 rows (872/s)
[shard 8] 1,000,147 rows (790/s)
[shard 9] 575,514 rows (531/s)
[shard 10] 439,450 rows (471/s)
[shard 11] 739,217 rows (871/s)
[shard 8] 1,018,577 rows (786/s)
[shard 9] 584,987 rows (525/s)
[shard 10] 453,437 rows (471/s)
[shard 11] 760,001 rows (865/s)
[shard 8] 1,038,001 rows (782/s)
[shard 9] 595,501 rows (521/s)
[shard 10] 469,023 rows (472/s)
[shard 11] 807,063 rows (888/s)
[shard 8] 1,062,659 rows (783/s)
[shard 9] 606,407 rows (517/s)
[shard 10] 482,216 rows (471/s)
[shard 11] 856,001 rows (910/s)
[shard 8] 1,082,191 rows (780/s)
[shard 9] 621,401 rows (516/s)
[shard 10] 493,628 rows (469/s)
[shard 11] 877,233 rows (904/s)
[shard 8] 1,102,219 rows (778/s)
[shard 9] 632,985 rows (513/s)
[shard 10] 499,693 rows (461/s)
[shard 11] 891,715 rows (891/s)
[shard 8] 1,120,001 rows (774/s)
[shard 9] 643,821 rows (510/s)
[shard 10] 512,027 rows (460/s)
[shard 11] 916,436 rows (889/s)
[shard 8] 1,138,001 rows (770/s)
[shard 9] 656,906 rows (508/s)
[shard 10] 533,907 rows (467/s)
[shard 11] 926,828 rows (874/s)
[shard 8] 1,154,948 rows (766/s)
[shard 9] 666,001 rows (503/s)
[shard 10] 556,838 rows (475/s)
[shard 11] 951,203 rows (872/s)
[shard 8] 1,173,113 rows (763/s)
[shard 9] 677,927 rows (501/s)
[shard 10] 592,815 rows (493/s)
[shard 11] 976,470 rows (871/s)
[shard 8] 1,188,001 rows (757/s)
[shard 9] 688,107 rows (497/s)
[shard 10] 617,701 rows (501/s)
[shard 11] 1,003,366 rows (872/s)
[shard 8] 1,202,950 rows (752/s)
[shard 9] 697,659 rows (493/s)
[shard 10] 644,001 rows (510/s)
[shard 11] 1,020,001 rows (863/s)
[shard 8] 1,213,181 rows (745/s)
[shard 9] 705,917 rows (489/s)
[shard 10] 664,001 rows (513/s)
[shard 11] 1,051,831 rows (868/s)
[shard 8] 1,226,001 rows (739/s)
[shard 9] 717,942 rows (487/s)
[shard 9] DONE 721,330 opinions, 9,854,108 anchored cites (width_reject=0, text_fail=0) in 24.8 min
[shard 10] 683,468 rows (516/s)
[shard 11] 1,072,001 rows (863/s)
[shard 8] 1,254,967 rows (743/s)
[shard 10] 710,001 rows (524/s)
[shard 11] 1,104,515 rows (868/s)
[shard 8] 1,278,961 rows (744/s)
[shard 10] 732,001 rows (528/s)
[shard 11] 1,125,926 rows (865/s)
[shard 8] 1,294,001 rows (740/s)
[shard 10] 748,922 rows (529/s)
[shard 11] 1,150,001 rows (863/s)
[shard 8] 1,314,844 rows (739/s)
[shard 10] 766,866 rows (530/s)
[shard 11] 1,170,295 rows (859/s)
[shard 8] 1,339,601 rows (740/s)
[shard 10] 782,824 rows (530/s)
[shard 11] 1,189,933 rows (854/s)
[shard 8] 1,364,001 rows (741/s)
[shard 10] 803,806 rows (533/s)
[shard 11] 1,215,641 rows (855/s)
[shard 8] 1,388,001 rows (742/s)
[shard 8] DONE 1,399,733 opinions, 9,313,888 anchored cites (width_reject=0, text_fail=0) in 31.4 min
[shard 10] 830,034 rows (540/s)
[shard 11] 1,238,958 rows (853/s)
[shard 10] DONE 839,769 opinions, 9,906,583 anchored cites (width_reject=0, text_fail=0) in 25.8 min
[shard 11] 1,269,160 rows (856/s)
[shard 11] 1,301,932 rows (861/s)
[shard 11] 1,334,373 rows (865/s)
[shard 11] 1,378,001 rows (876/s)
[shard 11] 1,413,236 rows (882/s)
[shard 11] 1,452,001 rows (889/s)
[shard 11] 1,499,874 rows (902/s)
[shard 11] 1,550,001 rows (915/s)
[shard 11] 1,578,001 rows (915/s)
[shard 11] 1,610,001 rows (917/s)
[shard 11] 1,664,993 rows (933/s)
[shard 11] 1,706,001 rows (940/s)
[shard 11] DONE 1,733,417 opinions, 11,890,414 anchored cites (width_reject=0, text_fail=0) in 30.6 min
=== shards done 2026-09-03T20:59:13Z ===
[merge] inserting opinions (0/12 already done)...
Traceback (most recent call last):
  File "/home/Houssem/Desktop/projects/Better Call Alex/Better Call Alex/etl/build_corpus.py", line 745, in <module>
    main()
  File "/home/Houssem/Desktop/projects/Better Call Alex/Better Call Alex/etl/build_corpus.py", line 741, in main
    fn()
  File "/home/Houssem/Desktop/projects/Better Call Alex/Better Call Alex/etl/build_corpus.py", line 738, in <lambda>
    "merge": lambda: stage_merge(args.total),
                     ^^^^^^^^^^^^^^^^^^^^^^^
  File "/home/Houssem/Desktop/projects/Better Call Alex/Better Call Alex/etl/build_corpus.py", line 639, in stage_merge
    lo_a, hi_a = conn.execute("SELECT min(rowid), max(rowid) FROM sh.anchors").fetchone()
                 ^^^^^^^^^^^^^^^^^^^^^^^^^^^^^^^^^^^^^^^^^^^^^^^^^^^^^^^^^^^^^
sqlite3.OperationalError: no such column: rowid
=== REBUILD FAILED at 2026-09-03T21:09:25Z ===
=== rebuild start 2026-09-04T01:03:28Z ===
[dockets] already done
[clusters] joining docket->court on disk...
[clusters] JOIN COVERAGE docket->court: 10,070,727/10,070,727 = 100.00% (61s)
[citormap] already done
[parentheticals] already done
=== pre-shard stages done 2026-09-04T01:05:21Z ===
[shard 3] already done
[shard 1] already done
[shard 0] already done
[shard 2] already done
[shard 4] already done
[shard 6] already done
[shard 7] already done
[shard 5] already done
[shard 8] already done
[shard 10] already done
[shard 9] already done
[shard 11] already done
=== shards done 2026-09-04T01:05:21Z ===
[merge] inserting opinions (0/12 already done)...
  shard 0: 1910s
  shard 1: 1187s
  shard 2: 1758s
  shard 3: 1471s
  shard 4: 1826s
  shard 5: 1731s
  shard 6: 1420s
  shard 7: 1771s
  shard 8: 1922s
  shard 9: 1380s
  shard 10: 1677s
  shard 11: 1976s
