[reflag] 800,000 rows (20,502/s)
[reflag] 1,600,000 rows (20,620/s)
[reflag] 2,200,000 rows (19,638/s)
[reflag] 2,800,000 rows (19,330/s)
[reflag] 3,400,000 rows (19,256/s)
[reflag] 4,000,000 rows (19,052/s)
[reflag] 4,600,000 rows (19,000/s)
[reflag] 5,200,000 rows (18,904/s)
[reflag] 5,800,000 rows (18,863/s)
[reflag] 6,400,000 rows (18,825/s)
[reflag] 7,000,000 rows (18,660/s)
[reflag] 7,600,000 rows (18,639/s)
[reflag] 8,400,000 rows (18,766/s)
[reflag] 9,000,000 rows (18,819/s)
[reflag] 9,600,000 rows (18,868/s)
[reflag] 10,400,000 rows (18,958/s)
[reflag] 11,000,000 rows (18,973/s)
[reflag] 11,600,000 rows (19,003/s)
[reflag] 12,200,000 rows (19,044/s)
[reflag] 13,000,000 rows (19,109/s)
[reflag] 13,800,000 rows (19,158/s)
[reflag] 14,400,000 rows (19,148/s)
[reflag] 15,000,000 rows (19,177/s)
[reflag] 15,800,000 rows (19,235/s)
[reflag] 16,400,000 rows (19,209/s)
[reflag] 17,000,000 rows (19,114/s)
[reflag] 17,600,000 rows (15,784/s)
[reflag] 18,200,000 rows (12,181/s)
[reflag] 18,800,000 rows (12,243/s)
[reflag] 19,400,000 rows (12,322/s)
[reflag] 20,000,000 rows (12,449/s)
[reflag] 20,800,000 rows (12,622/s)
[reflag] 21,600,000 rows (12,815/s)
[reflag] 22,400,000 rows (12,999/s)
[reflag] 23,200,000 rows (13,174/s)
[reflag] 24,000,000 rows (13,352/s)
[reflag] 24,800,000 rows (13,527/s)
[reflag] 25,600,000 rows (13,683/s)
[reflag] 26,400,000 rows (13,835/s)
[reflag] 27,200,000 rows (13,980/s)
[reflag] 28,000,000 rows (14,118/s)
[reflag] 28,800,000 rows (14,246/s)
[reflag] 29,600,000 rows (14,370/s)
[reflag] 30,400,000 rows (14,497/s)
[reflag] 31,200,000 rows (14,620/s)
[reflag] 32,000,000 rows (14,731/s)
[reflag] 32,800,000 rows (14,836/s)
[reflag] 33,600,000 rows (14,946/s)
[reflag] 34,400,000 rows (15,053/s)
[reflag] 35,200,000 rows (15,155/s)
[reflag] 36,000,000 rows (15,256/s)
[reflag] 36,800,000 rows (15,356/s)
[reflag] 37,600,000 rows (15,452/s)
[reflag] 38,400,000 rows (15,548/s)
[reflag] 39,200,000 rows (15,640/s)
[reflag] 40,000,000 rows (15,735/s)
[reflag] 40,800,000 rows (15,824/s)
[reflag] 41,600,000 rows (15,901/s)
[reflag] 42,400,000 rows (15,975/s)
[reflag] 43,200,000 rows (16,046/s)
[reflag] 44,000,000 rows (16,113/s)
[reflag] 44,800,000 rows (16,176/s)
[reflag] 45,600,000 rows (16,250/s)
[reflag] 46,400,000 rows (16,324/s)
[reflag] 47,200,000 rows (16,391/s)
[reflag] 48,000,000 rows (16,451/s)
[reflag] 48,800,000 rows (16,503/s)
[reflag] 49,600,000 rows (16,564/s)
[reflag] 50,400,000 rows (16,618/s)
[reflag] 51,200,000 rows (16,671/s)
[reflag] scanned cites in 51.4 min; 573,632 flagged opinions
{
  "rows_updated": 573632,
  "flagged_total": 572181,
  "overruled_family_total": 292641,
  "minutes": 51.6
}
