[shard 8] 13,347 rows (445/s)
[shard 8] 29,614 rows (493/s)
[shard 8] 42,749 rows (475/s)
[shard 8] 58,119 rows (484/s)
[shard 8] 71,288 rows (475/s)
[shard 8] 85,973 rows (477/s)
[shard 8] 101,416 rows (483/s)
[shard 8] 112,001 rows (466/s)
[shard 8] 130,362 rows (482/s)
[shard 8] 146,661 rows (488/s)
[shard 8] 162,001 rows (490/s)
[shard 8] 179,082 rows (497/s)
[shard 8] 193,188 rows (494/s)
[shard 8] 206,662 rows (491/s)
[shard 8] 218,001 rows (484/s)
[shard 8] 230,451 rows (479/s)
[shard 8] 247,357 rows (484/s)
[shard 8] 268,001 rows (496/s)
[shard 8] 291,986 rows (512/s)
[shard 8] 305,617 rows (509/s)
[shard 8] 317,555 rows (503/s)
[shard 8] 336,833 rows (510/s)
[shard 8] 349,977 rows (507/s)
[shard 8] 361,445 rows (501/s)
[shard 8] 373,390 rows (497/s)
[shard 8] 384,741 rows (493/s)
[shard 8] 395,116 rows (487/s)
[shard 8] 406,001 rows (482/s)
[shard 8] 418,001 rows (479/s)
[shard 8] 426,814 rows (473/s)
[shard 8] 437,403 rows (469/s)
[shard 8] 450,001 rows (467/s)
[shard 8] 462,755 rows (466/s)
[shard 8] 476,001 rows (465/s)
[shard 8] 490,001 rows (464/s)
[shard 8] 499,902 rows (460/s)
[shard 8] 508,001 rows (453/s)
[shard 8] 526,623 rows (457/s)
[shard 8] 538,222 rows (456/s)
[shard 8] 549,730 rows (454/s)
[shard 8] 559,618 rows (451/s)
[shard 8] 569,717 rows (448/s)
[shard 8] 588,731 rows (452/s)
[shard 8] 610,229 rows (458/s)
[shard 8] 626,465 rows (460/s)
[shard 8] 643,744 rows (463/s)
[shard 8] 656,372 rows (462/s)
[shard 8] 668,771 rows (461/s)
[shard 8] 680,001 rows (459/s)
[shard 8] 694,001 rows (458/s)
[shard 8] 704,001 rows (455/s)
[shard 8] 716,550 rows (454/s)
[shard 8] 728,032 rows (453/s)
[shard 8] 738,062 rows (450/s)
[shard 8] 744,842 rows (446/s)
[shard 8] 750,001 rows (440/s)
[shard 8] 760,001 rows (438/s)
[shard 8] 768,001 rows (435/s)
[shard 8] 774,989 rows (432/s)
[shard 8] 780,001 rows (427/s)
[shard 8] 788,001 rows (424/s)
[shard 8] 800,001 rows (424/s)
[shard 8] 809,217 rows (422/s)
[shard 8] 815,968 rows (419/s)
[shard 8] 824,001 rows (416/s)
[shard 8] 832,001 rows (414/s)
[shard 8] 838,001 rows (410/s)
[shard 8] 846,001 rows (408/s)
[shard 8] 854,001 rows (405/s)
[shard 8] 862,574 rows (404/s)
[shard 8] 869,165 rows (401/s)
[shard 8] 876,001 rows (398/s)
[shard 8] 884,001 rows (395/s)
[shard 8] 890,001 rows (393/s)
[shard 8] 900,001 rows (391/s)
[shard 8] 908,460 rows (390/s)
[shard 8] 915,806 rows (388/s)
[shard 8] 924,001 rows (386/s)
[shard 8] 932,808 rows (385/s)
[shard 8] 938,025 rows (383/s)
[shard 8] 946,538 rows (381/s)
[shard 8] 956,001 rows (380/s)
[shard 8] 965,844 rows (380/s)
[shard 8] 972,353 rows (378/s)
[shard 8] 980,001 rows (375/s)
[shard 8] 990,001 rows (375/s)
[shard 8] 996,053 rows (373/s)
[shard 8] 1,003,045 rows (371/s)
[shard 8] 1,011,153 rows (370/s)
[shard 8] 1,019,884 rows (369/s)
[shard 8] 1,026,001 rows (367/s)
[shard 8] 1,030,001 rows (365/s)
[shard 8] 1,039,943 rows (364/s)
[shard 8] 1,046,001 rows (361/s)
[shard 8] 1,054,001 rows (359/s)
[shard 8] 1,062,001 rows (358/s)
[shard 8] 1,068,748 rows (357/s)
[shard 8] 1,074,001 rows (355/s)
[shard 8] 1,080,200 rows (353/s)
[shard 8] 1,090,001 rows (353/s)
[shard 8] 1,096,001 rows (352/s)
[shard 8] 1,102,974 rows (350/s)
[shard 8] 1,112,821 rows (350/s)
[shard 8] 1,120,840 rows (349/s)
[shard 8] 1,126,976 rows (348/s)
[shard 8] 1,134,001 rows (346/s)
[shard 8] 1,143,911 rows (346/s)
[shard 8] 1,153,048 rows (346/s)
[shard 8] 1,161,821 rows (345/s)
[shard 8] 1,170,001 rows (344/s)
[shard 8] 1,175,620 rows (343/s)
[shard 8] 1,182,001 rows (342/s)
[shard 8] 1,190,001 rows (340/s)
[shard 8] 1,194,001 rows (338/s)
[shard 8] 1,200,876 rows (337/s)
[shard 8] 1,206,001 rows (335/s)
[shard 8] 1,212,001 rows (334/s)
[shard 8] 1,218,001 rows (332/s)
[shard 8] 1,222,410 rows (331/s)
[shard 8] 1,228,001 rows (330/s)
[shard 8] 1,240,001 rows (330/s)
[shard 8] 1,253,622 rows (331/s)
[shard 8] 1,264,001 rows (331/s)
[shard 8] 1,275,428 rows (332/s)
[shard 8] 1,285,314 rows (332/s)
[shard 8] 1,296,001 rows (331/s)
[shard 8] 1,308,160 rows (332/s)
[shard 8] 1,322,807 rows (333/s)
[shard 8] 1,340,709 rows (335/s)
[shard 8] 1,358,001 rows (337/s)
[shard 8] 1,371,973 rows (338/s)
[shard 8] 1,389,230 rows (339/s)
[shard 8] DONE 1,399,733 opinions, 4,727,500 anchored cites in 68.6 min
