[shard 11] 11,263 rows (375/s)
[shard 11] 24,328 rows (405/s)
[shard 11] 37,443 rows (416/s)
[shard 11] 49,679 rows (414/s)
[shard 11] 59,900 rows (399/s)
[shard 11] 71,826 rows (399/s)
[shard 11] 82,001 rows (389/s)
[shard 11] 90,017 rows (374/s)
[shard 11] 104,821 rows (387/s)
[shard 11] 120,827 rows (401/s)
[shard 11] 136,001 rows (411/s)
[shard 11] 148,369 rows (411/s)
[shard 11] 161,814 rows (414/s)
[shard 11] 176,632 rows (419/s)
[shard 11] 188,273 rows (417/s)
[shard 11] 203,358 rows (423/s)
[shard 11] 216,001 rows (422/s)
[shard 11] 231,355 rows (427/s)
[shard 11] 244,204 rows (427/s)
[shard 11] 257,989 rows (429/s)
[shard 11] 270,420 rows (428/s)
[shard 11] 284,001 rows (428/s)
[shard 11] 296,001 rows (427/s)
[shard 11] 304,695 rows (421/s)
[shard 11] 316,001 rows (419/s)
[shard 11] 328,001 rows (418/s)
[shard 11] 339,852 rows (417/s)
[shard 11] 351,198 rows (415/s)
[shard 11] 369,161 rows (422/s)
[shard 11] 382,001 rows (421/s)
[shard 11] 396,908 rows (424/s)
[shard 11] 410,733 rows (425/s)
[shard 11] 425,931 rows (427/s)
[shard 11] 439,518 rows (428/s)
[shard 11] 455,933 rows (431/s)
[shard 11] 466,001 rows (428/s)
[shard 11] 474,540 rows (424/s)
[shard 11] 491,749 rows (428/s)
[shard 11] 504,661 rows (428/s)
[shard 11] 512,300 rows (424/s)
[shard 11] 524,001 rows (422/s)
[shard 11] 536,001 rows (422/s)
[shard 11] 546,769 rows (420/s)
[shard 11] 558,001 rows (419/s)
[shard 11] 573,011 rows (421/s)
[shard 11] 589,790 rows (424/s)
[shard 11] 600,001 rows (422/s)
[shard 11] 614,561 rows (423/s)
[shard 11] 626,001 rows (422/s)
[shard 11] 636,001 rows (420/s)
[shard 11] 644,001 rows (416/s)
[shard 11] 654,001 rows (414/s)
[shard 11] 667,470 rows (414/s)
[shard 11] 680,016 rows (414/s)
[shard 11] 690,001 rows (413/s)
[shard 11] 701,790 rows (412/s)
[shard 11] 712,001 rows (411/s)
[shard 11] 722,001 rows (409/s)
[shard 11] 734,001 rows (409/s)
[shard 11] 744,001 rows (407/s)
[shard 11] 752,058 rows (405/s)
[shard 11] 758,001 rows (401/s)
[shard 11] 763,274 rows (397/s)
[shard 11] 766,677 rows (393/s)
[shard 11] 776,438 rows (392/s)
[shard 11] 805,021 rows (400/s)
[shard 11] 825,273 rows (405/s)
[shard 11] 841,913 rows (407/s)
[shard 11] 848,001 rows (403/s)
[shard 11] 857,962 rows (402/s)
[shard 11] 860,431 rows (398/s)
[shard 11] 868,599 rows (396/s)
[shard 11] 874,001 rows (393/s)
[shard 11] 880,001 rows (388/s)
[shard 11] 884,001 rows (384/s)
[shard 11] 888,082 rows (380/s)
[shard 11] 898,001 rows (379/s)
[shard 11] 910,001 rows (379/s)
[shard 11] 918,001 rows (377/s)
[shard 11] 922,001 rows (374/s)
[shard 11] 928,001 rows (372/s)
[shard 11] 934,001 rows (370/s)
[shard 11] 945,038 rows (370/s)
[shard 11] 956,036 rows (369/s)
[shard 11] 960,159 rows (367/s)
[shard 11] 976,001 rows (368/s)
[shard 11] 986,001 rows (368/s)
[shard 11] 996,001 rows (367/s)
[shard 11] 1,004,001 rows (366/s)
[shard 11] 1,014,001 rows (365/s)
[shard 11] 1,020,988 rows (363/s)
[shard 11] 1,032,055 rows (364/s)
[shard 11] 1,042,001 rows (363/s)
[shard 11] 1,048,001 rows (361/s)
[shard 11] 1,054,001 rows (359/s)
[shard 11] 1,061,691 rows (358/s)
[shard 11] 1,070,001 rows (357/s)
[shard 11] 1,077,010 rows (356/s)
[shard 11] 1,084,001 rows (354/s)
[shard 11] 1,096,001 rows (355/s)
[shard 11] 1,104,001 rows (353/s)
[shard 11] 1,110,001 rows (351/s)
[shard 11] 1,120,067 rows (351/s)
[shard 11] 1,128,001 rows (349/s)
[shard 11] 1,134,001 rows (347/s)
[shard 11] 1,143,676 rows (347/s)
[shard 11] 1,154,027 rows (347/s)
[shard 11] 1,162,001 rows (346/s)
[shard 11] 1,169,714 rows (345/s)
[shard 11] 1,174,001 rows (343/s)
[shard 11] 1,180,779 rows (342/s)
[shard 11] 1,189,359 rows (342/s)
[shard 11] 1,196,001 rows (340/s)
[shard 11] 1,206,001 rows (340/s)
[shard 11] 1,214,795 rows (339/s)
[shard 11] 1,226,001 rows (339/s)
[shard 11] 1,232,001 rows (338/s)
[shard 11] 1,236,001 rows (336/s)
[shard 11] 1,242,001 rows (335/s)
[shard 11] 1,250,354 rows (334/s)
[shard 11] 1,265,835 rows (336/s)
[shard 11] 1,278,001 rows (336/s)
[shard 11] 1,292,563 rows (337/s)
[shard 11] 1,304,001 rows (338/s)
[shard 11] 1,319,939 rows (339/s)
[shard 11] 1,334,731 rows (340/s)
[shard 11] 1,352,400 rows (342/s)
[shard 11] 1,378,001 rows (346/s)
[shard 11] 1,397,353 rows (348/s)
[shard 11] 1,414,001 rows (350/s)
[shard 11] 1,430,125 rows (351/s)
[shard 11] 1,453,198 rows (354/s)
[shard 11] 1,473,068 rows (356/s)
[shard 11] 1,505,017 rows (361/s)
[shard 11] 1,545,356 rows (368/s)
[shard 11] 1,570,001 rows (372/s)
[shard 11] 1,586,861 rows (373/s)
[shard 11] 1,624,972 rows (379/s)
[shard 11] 1,678,616 rows (389/s)
[shard 11] 1,711,968 rows (394/s)
[shard 11] DONE 1,733,417 opinions, 6,179,514 anchored cites in 72.7 min
