[shard 0] 5,066 rows (169/s)
[shard 0] 10,914 rows (182/s)
[shard 0] 16,778 rows (186/s)
[shard 0] 22,609 rows (188/s)
[shard 0] 28,056 rows (187/s)
[shard 0] 33,812 rows (188/s)
[shard 0] 40,001 rows (187/s)
[shard 0] 44,001 rows (178/s)
[shard 0] 54,001 rows (195/s)
[shard 0] 64,001 rows (208/s)
[shard 0] 71,413 rows (212/s)
[shard 0] 79,580 rows (217/s)
[shard 0] 88,001 rows (221/s)
[shard 0] 94,993 rows (222/s)
[shard 0] 102,001 rows (222/s)
[shard 0] 109,722 rows (224/s)
[shard 0] 117,913 rows (227/s)
[shard 0] 126,136 rows (229/s)
[shard 0] 134,001 rows (231/s)
[shard 0] 142,770 rows (234/s)
[shard 0] 152,050 rows (237/s)
[shard 0] 162,001 rows (242/s)
[shard 0] 171,729 rows (245/s)
[shard 0] 178,648 rows (245/s)
[shard 0] 187,041 rows (246/s)
[shard 0] 196,001 rows (247/s)
[shard 0] 207,628 rows (253/s)
[shard 0] 218,537 rows (256/s)
[shard 0] 228,997 rows (260/s)
[shard 0] 238,001 rows (261/s)
[shard 0] 246,014 rows (261/s)
[shard 0] 253,509 rows (261/s)
[shard 0] 261,080 rows (260/s)
[shard 0] 271,806 rows (263/s)
[shard 0] 280,286 rows (264/s)
[shard 0] 290,052 rows (265/s)
[shard 0] 298,064 rows (265/s)
[shard 0] 308,650 rows (268/s)
[shard 0] 316,001 rows (267/s)
[shard 0] 323,872 rows (267/s)
[shard 0] 333,191 rows (268/s)
[shard 0] 342,599 rows (269/s)
[shard 0] 354,145 rows (272/s)
[shard 0] 364,354 rows (273/s)
[shard 0] 375,142 rows (275/s)
[shard 0] 384,001 rows (275/s)
[shard 0] 393,667 rows (276/s)
[shard 0] 402,001 rows (276/s)
[shard 0] 410,308 rows (276/s)
[shard 0] 418,009 rows (276/s)
[shard 0] 425,288 rows (275/s)
[shard 0] 431,686 rows (274/s)
[shard 0] 438,951 rows (273/s)
[shard 0] 446,701 rows (273/s)
[shard 0] 453,962 rows (272/s)
[shard 0] 459,941 rows (271/s)
[shard 0] 466,001 rows (269/s)
[shard 0] 474,001 rows (269/s)
[shard 0] 482,001 rows (269/s)
[shard 0] 487,074 rows (267/s)
[shard 0] 494,001 rows (266/s)
[shard 0] 501,124 rows (266/s)
[shard 0] 507,504 rows (265/s)
[shard 0] 513,200 rows (264/s)
[shard 0] 519,187 rows (263/s)
[shard 0] 525,364 rows (262/s)
[shard 0] 530,001 rows (260/s)
[shard 0] 538,001 rows (260/s)
[shard 0] 544,438 rows (259/s)
[shard 0] 550,277 rows (258/s)
[shard 0] 556,001 rows (257/s)
[shard 0] 563,169 rows (256/s)
[shard 0] 570,730 rows (256/s)
[shard 0] 578,247 rows (256/s)
[shard 0] 584,001 rows (255/s)
[shard 0] 588,001 rows (253/s)
[shard 0] 592,649 rows (252/s)
[shard 0] 600,001 rows (252/s)
[shard 0] 610,001 rows (252/s)
[shard 0] 616,001 rows (251/s)
[shard 0] 624,064 rows (251/s)
[shard 0] 632,938 rows (252/s)
[shard 0] 640,001 rows (252/s)
[shard 0] 647,595 rows (252/s)
[shard 0] 654,001 rows (251/s)
[shard 0] 662,898 rows (251/s)
[shard 0] 668,948 rows (251/s)
[shard 0] 676,001 rows (250/s)
[shard 0] 682,001 rows (249/s)
[shard 0] 688,001 rows (248/s)
[shard 0] 692,001 rows (247/s)
[shard 0] 696,001 rows (245/s)
[shard 0] 700,798 rows (244/s)
[shard 0] 704,001 rows (242/s)
[shard 0] 710,116 rows (242/s)
[shard 0] 718,001 rows (242/s)
[shard 0] 725,924 rows (242/s)
[shard 0] 731,579 rows (241/s)
[shard 0] 739,220 rows (242/s)
[shard 0] 748,008 rows (242/s)
[shard 0] 756,001 rows (242/s)
[shard 0] 764,001 rows (242/s)
[shard 0] 774,001 rows (243/s)
[shard 0] 782,001 rows (243/s)
[shard 0] 792,359 rows (244/s)
[shard 0] 800,001 rows (244/s)
[shard 0] 812,625 rows (246/s)
[shard 0] 824,617 rows (247/s)
[shard 0] 834,001 rows (248/s)
[shard 0] 843,634 rows (248/s)
[shard 0] 848,339 rows (248/s)
[shard 0] 855,391 rows (247/s)
[shard 0] 865,200 rows (248/s)
[shard 0] 872,001 rows (248/s)
[shard 0] 882,001 rows (248/s)
[shard 0] 892,821 rows (249/s)
[shard 0] 902,001 rows (250/s)
[shard 0] 910,001 rows (250/s)
[shard 0] 915,541 rows (249/s)
[shard 0] 920,001 rows (248/s)
[shard 0] 929,143 rows (248/s)
[shard 0] 935,689 rows (248/s)
[shard 0] 942,001 rows (248/s)
[shard 0] 950,138 rows (248/s)
[shard 0] 956,331 rows (248/s)
[shard 0] 964,651 rows (248/s)
[shard 0] 973,247 rows (248/s)
[shard 0] 981,212 rows (248/s)
[shard 0] 990,877 rows (249/s)
[shard 0] 1,000,001 rows (249/s)
[shard 0] 1,009,324 rows (250/s)
[shard 0] 1,018,360 rows (250/s)
[shard 0] 1,030,425 rows (251/s)
[shard 0] DONE 1,041,557 opinions, 4,168,729 anchored cites in 68.8 min
